// Jest Snapshot v1, https://goo.gl/fbAQLP

exports[`renders correctly 1`] = `
<View
  style={
    Object {
      "alignItems": "center",
      "bottom": 0,
      "justifyContent": "center",
      "left": 0,
      "position": "absolute",
      "right": 0,
      "top": 0,
    }
  }
>
  <ActivityIndicator
    animating={true}
    color="#0000ff"
    hidesWhenStopped={true}
    size="large"
  />
</View>
`;

exports[`renders correctly 2`] = `
<RCTSafeAreaView
  emulateUnlessSupported={true}
  style={
    Array [
      Object {
        "alignItems": "center",
        "flex": 1,
        "justifyContent": "center",
      },
    ]
  }
>
  <Text>
    Welcome 
    Bobby
  </Text>
  <View
    accessibilityRole="button"
    accessibilityState={Object {}}
    accessible={true}
    focusable={true}
    onClick={[Function]}
    onResponderGrant={[Function]}
    onResponderMove={[Function]}
    onResponderRelease={[Function]}
    onResponderTerminate={[Function]}
    onResponderTerminationRequest={[Function]}
    onStartShouldSetResponder={[Function]}
    style={
      Object {
        "opacity": 1,
      }
    }
  >
    <View
      style={
        Array [
          Object {},
        ]
      }
    >
      <Text
        style={
          Array [
            Object {
              "color": "#007AFF",
              "fontSize": 18,
              "margin": 8,
              "textAlign": "center",
            },
          ]
        }
      >
        Logout
      </Text>
    </View>
  </View>
</RCTSafeAreaView>
`;
