// Jest Snapshot v1, https://goo.gl/fbAQLP

exports[`[Component] Card renders correctly 1`] = `
<View
  style={
    Array [
      Object {
        "borderColor": "#000",
        "elevation": 1,
        "shadowColor": "#000",
        "shadowOffset": Object {
          "height": 2,
          "width": 0,
        },
        "shadowOpacity": 0.25,
        "shadowRadius": 3.84,
      },
      undefined,
    ]
  }
>
  <Text>
    Children
  </Text>
</View>
`;
